// Jest Snapshot v1, https://goo.gl/fbAQLP

exports[`Login matches the snapshot when a user logs in 1`] = `
Object {
  "asFragment": [Function],
  "baseElement": <body>
    <div>
      <div>
        <p>
          For faster login use dropdownlist
        </p>
        <select
          data-testid="username-select"
        >
          <option
            value=""
          >
            Select a User to login
          </option>
        </select>
        <form>
          <div>
            <div>
              <input
                data-testid="username-input"
                name="username"
                placeholder="Username"
                type="text"
                value=""
              />
            </div>
            
            <div>
              <input
                data-testid="password-input"
                name="password"
                placeholder="Password"
                type="password"
                value=""
              />
              <span>
                Show
              </span>
            </div>
            
            <div>
              <button
                data-testid="login-button"
                disabled=""
                name="login"
              >
                Log In
              </button>
              <button
                data-testid="newuser-button"
                name="newuser"
              >
                New User? Click here
              </button>
            </div>
            
          </div>
        </form>
      </div>
    </div>
  </body>,
  "container": <div>
    <div>
      <p>
        For faster login use dropdownlist
      </p>
      <select
        data-testid="username-select"
      >
        <option
          value=""
        >
          Select a User to login
        </option>
      </select>
      <form>
        <div>
          <div>
            <input
              data-testid="username-input"
              name="username"
              placeholder="Username"
              type="text"
              value=""
            />
          </div>
          
          <div>
            <input
              data-testid="password-input"
              name="password"
              placeholder="Password"
              type="password"
              value=""
            />
            <span>
              Show
            </span>
          </div>
          
          <div>
            <button
              data-testid="login-button"
              disabled=""
              name="login"
            >
              Log In
            </button>
            <button
              data-testid="newuser-button"
              name="newuser"
            >
              New User? Click here
            </button>
          </div>
          
        </div>
      </form>
    </div>
  </div>,
  "debug": [Function],
  "findAllByAltText": [Function],
  "findAllByDisplayValue": [Function],
  "findAllByLabelText": [Function],
  "findAllByPlaceholderText": [Function],
  "findAllByRole": [Function],
  "findAllByTestId": [Function],
  "findAllByText": [Function],
  "findAllByTitle": [Function],
  "findByAltText": [Function],
  "findByDisplayValue": [Function],
  "findByLabelText": [Function],
  "findByPlaceholderText": [Function],
  "findByRole": [Function],
  "findByTestId": [Function],
  "findByText": [Function],
  "findByTitle": [Function],
  "getAllByAltText": [Function],
  "getAllByDisplayValue": [Function],
  "getAllByLabelText": [Function],
  "getAllByPlaceholderText": [Function],
  "getAllByRole": [Function],
  "getAllByTestId": [Function],
  "getAllByText": [Function],
  "getAllByTitle": [Function],
  "getByAltText": [Function],
  "getByDisplayValue": [Function],
  "getByLabelText": [Function],
  "getByPlaceholderText": [Function],
  "getByRole": [Function],
  "getByTestId": [Function],
  "getByText": [Function],
  "getByTitle": [Function],
  "queryAllByAltText": [Function],
  "queryAllByDisplayValue": [Function],
  "queryAllByLabelText": [Function],
  "queryAllByPlaceholderText": [Function],
  "queryAllByRole": [Function],
  "queryAllByTestId": [Function],
  "queryAllByText": [Function],
  "queryAllByTitle": [Function],
  "queryByAltText": [Function],
  "queryByDisplayValue": [Function],
  "queryByLabelText": [Function],
  "queryByPlaceholderText": [Function],
  "queryByRole": [Function],
  "queryByTestId": [Function],
  "queryByText": [Function],
  "queryByTitle": [Function],
  "rerender": [Function],
  "unmount": [Function],
}
`;
